[backend-codered.eccouncil.org/admin/login.html]
[backblue.gif]
[fade.gif]
[index.html]
[backend-codered.eccouncil.org/admin/assets/images/favicon.ico]
[backend-codered.eccouncil.org/admin/assets/libs/select2/select2.min.css]
[backend-codered.eccouncil.org/admin/assets/css/bootstrap.min.css]
[backend-codered.eccouncil.org/admin/assets/css/icons.min.css]
[backend-codered.eccouncil.org/admin/assets/css/app.minb161.css]
[backend-codered.eccouncil.org/admin/assets/js/vendor.min.js]
[backend-codered.eccouncil.org/admin/assets/libs/select2/select2.min.js]
[backend-codered.eccouncil.org/admin/assets/js/intcore/helpers.js]
[backend-codered.eccouncil.org/admin/assets/js/intcore/ajax.js]
[backend-codered.eccouncil.org/admin/assets/js/intcore/prototype/string.js]
[backend-codered.eccouncil.org/admin/login.html]
[backend-codered.eccouncil.org/admin/assets/libs/select2/select2.min.css]
[backend-codered.eccouncil.org/admin/assets/css/bootstrap.min.css]
[backend-codered.eccouncil.org/admin/fonts/dripicons-v20d42.eot]
[backend-codered.eccouncil.org/admin/fonts/dripicons-v2263e.eot]
[backend-codered.eccouncil.org/admin/fonts/dripicons-v25c80.woff]
[backend-codered.eccouncil.org/admin/fonts/dripicons-v2ff07.ttf]
[backend-codered.eccouncil.org/admin/fonts/dripicons-v2e376.svg]
[backend-codered.eccouncil.org/admin/fonts/feathereef2.eot]
[backend-codered.eccouncil.org/admin/fonts/feather731c.woff]
[backend-codered.eccouncil.org/admin/fonts/feather7711.ttf]
[backend-codered.eccouncil.org/admin/fonts/featherab7b.svg]
[backend-codered.eccouncil.org/admin/fonts/fa-brands-400f76d.eot]
[backend-codered.eccouncil.org/admin/fonts/fa-brands-4007e06.eot]
[backend-codered.eccouncil.org/admin/fonts/fa-brands-4004163.woff2]
[backend-codered.eccouncil.org/admin/fonts/fa-brands-400d0fc.woff]
[backend-codered.eccouncil.org/admin/fonts/fa-brands-400de30.ttf]
[backend-codered.eccouncil.org/admin/fonts/fa-brands-4003833.svg]
[backend-codered.eccouncil.org/admin/fonts/fa-regular-4009724.eot]
[backend-codered.eccouncil.org/admin/fonts/fa-regular-400f1d3.eot]
[backend-codered.eccouncil.org/admin/fonts/fa-solid-900e4aa.eot]
[backend-codered.eccouncil.org/admin/fonts/fa-solid-9005d2c.eot]
[backend-codered.eccouncil.org/admin/fonts/fa-solid-900e89b.woff2]
[backend-codered.eccouncil.org/admin/fonts/fa-solid-9008194.woff]
[backend-codered.eccouncil.org/admin/fonts/fa-solid-9002d78.ttf]
[backend-codered.eccouncil.org/admin/fonts/materialdesignicons-webfont4592.eot]
[backend-codered.eccouncil.org/admin/fonts/materialdesignicons-webfont8984.woff2]
[backend-codered.eccouncil.org/admin/fonts/materialdesignicons-webfontb513.woff]
[backend-codered.eccouncil.org/admin/fonts/materialdesignicons-webfont016f.ttf]
[backend-codered.eccouncil.org/admin/fonts/Simple-Line-Icons2cc8.woff2]
[backend-codered.eccouncil.org/admin/fonts/Simple-Line-Icons393a.woff]
[backend-codered.eccouncil.org/admin/fonts/Simple-Line-Icons0587.svg]
[backend-codered.eccouncil.org/admin/fonts/themifyf6cb.eot]
[backend-codered.eccouncil.org/admin/fonts/themify10a7.ttf]
[backend-codered.eccouncil.org/admin/fonts/weathericons-regular-webfont2c41.eot]
[backend-codered.eccouncil.org/admin/fonts/weathericons-regular-webfont047e.ttf]
[backend-codered.eccouncil.org/admin/assets/css/icons.min.css]
[backend-codered.eccouncil.org/admin/fonts/weathericons-regular-webfontb6aa.svg]
[backend-codered.eccouncil.org/admin/fonts/Roboto-Regular.ttf]
[backend-codered.eccouncil.org/admin/fonts/Roboto-Light.ttf]
[backend-codered.eccouncil.org/admin/fonts/footable7b3b.ttf]
[backend-codered.eccouncil.org/admin/fonts/summernote5dea.ttf]
[backend-codered.eccouncil.org/admin/fonts/dropifyb592.eot]
[backend-codered.eccouncil.org/admin/assets/css/app.minb161.css]
[backend-codered.eccouncil.org/admin/assets/js/app.min.html]
[backend-codered.eccouncil.org/admin/assets/js/intcore/settings.html]
[backend-codered.eccouncil.org/admin/fonts/dripicons-v2e376.svg]
[backend-codered.eccouncil.org/admin/fonts/featherab7b.svg]
[backend-codered.eccouncil.org/admin/fonts/fa-brands-4003833.svg]
[backend-codered.eccouncil.org/admin/fonts/fa-regular-400434a.html]
[backend-codered.eccouncil.org/admin/fonts/fa-regular-400389c.html]
[backend-codered.eccouncil.org/admin/fonts/fa-regular-400c47c.html]
[backend-codered.eccouncil.org/admin/fonts/fa-regular-400687b.html]
[backend-codered.eccouncil.org/admin/fonts/fa-solid-9004a91.html]
[backend-codered.eccouncil.org/admin/fonts/materialdesignicons-webfont680c.html]
[backend-codered.eccouncil.org/admin/fonts/materialdesignicons-webfont5ca5.html]
[backend-codered.eccouncil.org/admin/fonts/Simple-Line-Icons248b.html]
[backend-codered.eccouncil.org/admin/fonts/Simple-Line-Iconsa315.html]
[backend-codered.eccouncil.org/admin/fonts/Simple-Line-Icons2fa5.html]
[backend-codered.eccouncil.org/admin/fonts/Simple-Line-Icons0587.svg]
[backend-codered.eccouncil.org/admin/fonts/themify19d1.html]
[backend-codered.eccouncil.org/admin/fonts/themifya000.html]
[backend-codered.eccouncil.org/admin/fonts/themify15ac.html]
[backend-codered.eccouncil.org/admin/fonts/weathericons-regular-webfont0128.html]
[backend-codered.eccouncil.org/admin/fonts/weathericons-regular-webfontb3bb.html]
[backend-codered.eccouncil.org/admin/fonts/weathericons-regular-webfont012f.html]
[backend-codered.eccouncil.org/admin/fonts/weathericons-regular-webfontb6aa.svg]
[backend-codered.eccouncil.org/admin/fonts/Roboto-Medium.html]
[backend-codered.eccouncil.org/admin/fonts/Roboto-Bold.html]
[backend-codered.eccouncil.org/admin/fonts/Roboto-Black.html]
[backend-codered.eccouncil.org/admin/fonts/footable3cff.html]
[backend-codered.eccouncil.org/admin/fonts/footablecbdd.html]
[backend-codered.eccouncil.org/admin/fonts/footable88b8.html]
[backend-codered.eccouncil.org/admin/fonts/footableacc7.html]
[backend-codered.eccouncil.org/admin/fonts/summernote9fd1.html]
[backend-codered.eccouncil.org/admin/fonts/summernote2e51.html]
[backend-codered.eccouncil.org/admin/fonts/summernotebaa7.html]
[backend-codered.eccouncil.org/admin/fonts/dropifybab6.html]
[backend-codered.eccouncil.org/admin/fonts/dropify6706.html]
[backend-codered.eccouncil.org/admin/fonts/dropifyacce.svg]
[backend-codered.eccouncil.org/admin/fonts/dropifyacce.svg]
